// Jest Snapshot v1, https://goo.gl/fbAQLP

exports[`<GoogleMap /> Navigate to componentWillMount on returning getaccoridianstate = 0 1`] = `
<div>
  <div
    style={
      Object {
        "height": "100%",
      }
    }
  />
  <button
    className="btn btn-primary"
    id="addmap-button"
    onClick={[Function]}
    style={
      Object {
        "background": "#1a73e8",
        "border": "none",
        "border-radius": "4px",
        "color": "white",
        "margin": "2%",
        "padding": "5px 15px 5px 15px",
        "text-align": "center",
      }
    }
  >
    Add Map
  </button>
  <div
    id="marker-wrapper"
    style={
      Object {
        "height": "auto",
        "margin": "2%",
        "overflow": "hidden",
        "padding": "2%",
        "width": "auto",
      }
    }
  />
</div>
`;
